   1               		.file	"main.c"
   2               	__SREG__ = 0x3f
   3               	__SP_H__ = 0x3e
   4               	__SP_L__ = 0x3d
   5               	__CCP__  = 0x34
   6               	__tmp_reg__ = 0
   7               	__zero_reg__ = 1
  15               	.Ltext0:
  16               	.global	main
  18               	main:
  19               	.LFB6:
  20               	.LM1:
  21 0000 1F93      		push r17
  22 0002 CF93      		push r28
  23 0004 DF93      		push r29
  24               	/* prologue: function */
  25               	/* frame size = 0 */
  26               	.LM2:
  27 0006 0E94 0000 		call WS2812B_Init
  28               	.LM3:
  29 000a 0E94 0000 		call RGB_Animation_Init
  30               	.LM4:
  31 000e 0E94 0000 		call debug_init
  32               	.LM5:
  33 0012 0E94 0000 		call RGB_Clear_Buf_2D
  34               	.LM6:
  35 0016 8FE0      		ldi r24,lo8(15)
  36 0018 64E6      		ldi r22,lo8(100)
  37 001a 40E0      		ldi r20,lo8(0)
  38 001c 20E0      		ldi r18,lo8(0)
  39 001e 0E94 0000 		call RGB_Set_Pixel
  40               	.LM7:
  41 0022 0E94 0000 		call RGB_Push_Buffer
  42               	.LM8:
  43 0026 13E0      		ldi r17,lo8(3)
  44               	.LBB18:
  45               	.LBB19:
  46               	.LBB20:
  47               	.LBB21:
  48               	.LM9:
  49 0028 CCE2      		ldi r28,lo8(300)
  50 002a D1E0      		ldi r29,hi8(300)
  51               	.LVL0:
  52               	.L10:
  53               	.LBE21:
  54               	.LBE20:
  55               	.LBE19:
  56               	.LBE18:
  57               	.LM10:
  58 002c E091 0000 		lds r30,color_index
  59               	.LVL1:
  60 0030 E19F      		mul r30,r17
  61 0032 F001      		movw r30,r0
  62 0034 1124      		clr r1
  63 0036 E050      		subi r30,lo8(-(colors))
  64 0038 F040      		sbci r31,hi8(-(colors))
  65 003a 8081      		ld r24,Z
  66 003c 8093 0000 		sts red_val,r24
  67               	.LM11:
  68 0040 6181      		ldd r22,Z+1
  69 0042 6093 0000 		sts green_val,r22
  70               	.LM12:
  71 0046 4281      		ldd r20,Z+2
  72 0048 4093 0000 		sts blue_val,r20
  73               	.LM13:
  74 004c 0E94 0000 		call RGB_Animation_Slide_Fill
  75 0050 80E1      		ldi r24,lo8(10000)
  76 0052 97E2      		ldi r25,hi8(10000)
  77               	.LVL2:
  78               	.L2:
  79               	.LBB25:
  80               	.LBB24:
  81               	.LBB23:
  82               	.LBB22:
  83               	.LM14:
  84 0054 FE01      		movw r30,r28
  85               	.LVL3:
  86               	/* #APP */
  87               	 ;  105 "c:/winavr-20100110/lib/gcc/../../avr/include/util/delay_basic.h" 1
  88 0056 3197      		1: sbiw r30,1
  89 0058 01F4      		brne 1b
  90               	 ;  0 "" 2
  91               	/* #NOAPP */
  92               	.LBE22:
  93               	.LBE23:
  94               	.LM15:
  95 005a 0197      		sbiw r24,1
  96               	.LM16:
  97 005c 01F4      		brne .L2
  98               	.LBE24:
  99               	.LBE25:
 100               	.LM17:
 101 005e 8091 0000 		lds r24,red_val
 102               	.LVL4:
 103 0062 6091 0000 		lds r22,green_val
 104 0066 4091 0000 		lds r20,blue_val
 105 006a 0E94 0000 		call RGB_Animation_Slide_Unfill
 106               	.LVL5:
 107 006e 80E1      		ldi r24,lo8(10000)
 108 0070 97E2      		ldi r25,hi8(10000)
 109               	.LVL6:
 110               	.L3:
 111               	.LBB26:
 112               	.LBB27:
 113               	.LBB28:
 114               	.LBB29:
 115               	.LM18:
 116 0072 FE01      		movw r30,r28
 117               	.LVL7:
 118               	/* #APP */
 119               	 ;  105 "c:/winavr-20100110/lib/gcc/../../avr/include/util/delay_basic.h" 1
 120 0074 3197      		1: sbiw r30,1
 121 0076 01F4      		brne 1b
 122               	 ;  0 "" 2
 123               	/* #NOAPP */
 124               	.LBE29:
 125               	.LBE28:
 126               	.LM19:
 127 0078 0197      		sbiw r24,1
 128               	.LM20:
 129 007a 01F4      		brne .L3
 130               	.LBE27:
 131               	.LBE26:
 132               	.LM21:
 133 007c 8091 0000 		lds r24,color_index
 134               	.LVL8:
 135 0080 8F5F      		subi r24,lo8(-(1))
 136 0082 8093 0000 		sts color_index,r24
 137               	.LM22:
 138 0086 8530      		cpi r24,lo8(5)
 139 0088 00F0      		brlo .L10
 140               	.LM23:
 141 008a 1092 0000 		sts color_index,__zero_reg__
 142 008e 00C0      		rjmp .L10
 143               	.LFE6:
 145               	.global	colors
 146               		.data
 149               	colors:
 150 0000 FE        		.byte	-2
 151 0001 D7        		.byte	-41
 152 0002 00        		.byte	0
 153 0003 66        		.byte	102
 154 0004 CC        		.byte	-52
 155 0005 00        		.byte	0
 156 0006 73        		.byte	115
 157 0007 9B        		.byte	-101
 158 0008 D0        		.byte	-48
 159 0009 33        		.byte	51
 160 000a 33        		.byte	51
 161 000b FE        		.byte	-2
 162 000c B2        		.byte	-78
 163 000d 66        		.byte	102
 164 000e FE        		.byte	-2
 165 000f 00        		.byte	0
 166 0010 10        		.byte	16
 167 0011 20        		.byte	32
 168 0012 00        		.byte	0
 169 0013 10        		.byte	16
 170 0014 20        		.byte	32
 171 0015 00        		.byte	0
 172 0016 10        		.byte	16
 173 0017 20        		.byte	32
 174 0018 00        		.byte	0
 175 0019 10        		.byte	16
 176 001a 20        		.byte	32
 177 001b 00        		.byte	0
 178 001c 10        		.byte	16
 179 001d 20        		.byte	32
 180               	.global	color_index
 181               	.global	color_index
 182               		.section .bss
 185               	color_index:
 186 0000 00        		.skip 1,0
 187               	.global	red_val
 188               	.global	red_val
 191               	red_val:
 192 0001 00        		.skip 1,0
 193               	.global	green_val
 194               	.global	green_val
 197               	green_val:
 198 0002 00        		.skip 1,0
 199               	.global	blue_val
 200               	.global	blue_val
 203               	blue_val:
 204 0003 00        		.skip 1,0
 229               	.Letext0:
DEFINED SYMBOLS
                            *ABS*:00000000 main.c
C:\Users\WALTON\AppData\Local\Temp/ccJmbGcJ.s:2      *ABS*:0000003f __SREG__
C:\Users\WALTON\AppData\Local\Temp/ccJmbGcJ.s:3      *ABS*:0000003e __SP_H__
C:\Users\WALTON\AppData\Local\Temp/ccJmbGcJ.s:4      *ABS*:0000003d __SP_L__
C:\Users\WALTON\AppData\Local\Temp/ccJmbGcJ.s:5      *ABS*:00000034 __CCP__
C:\Users\WALTON\AppData\Local\Temp/ccJmbGcJ.s:6      *ABS*:00000000 __tmp_reg__
C:\Users\WALTON\AppData\Local\Temp/ccJmbGcJ.s:7      *ABS*:00000001 __zero_reg__
C:\Users\WALTON\AppData\Local\Temp/ccJmbGcJ.s:18     .text:00000000 main
C:\Users\WALTON\AppData\Local\Temp/ccJmbGcJ.s:185    .bss:00000000 color_index
C:\Users\WALTON\AppData\Local\Temp/ccJmbGcJ.s:149    .data:00000000 colors
C:\Users\WALTON\AppData\Local\Temp/ccJmbGcJ.s:191    .bss:00000001 red_val
C:\Users\WALTON\AppData\Local\Temp/ccJmbGcJ.s:197    .bss:00000002 green_val
C:\Users\WALTON\AppData\Local\Temp/ccJmbGcJ.s:203    .bss:00000003 blue_val

UNDEFINED SYMBOLS
WS2812B_Init
RGB_Animation_Init
debug_init
RGB_Clear_Buf_2D
RGB_Set_Pixel
RGB_Push_Buffer
RGB_Animation_Slide_Fill
RGB_Animation_Slide_Unfill
__do_copy_data
__do_clear_bss
